$ corepack pnpm test:integration:mysql && corepack pnpm test:integration:redis && corepack pnpm test:integration:api
$ corepack pnpm --filter @server-foundation/mysql-adapter test:integration
$ vitest run test/*.integration.test.ts

[1m[30m[46m RUN [49m[39m[22m [36mv4.1.10 [39m[90m/home/runner/work/exam-server/exam-server/packages/adapters/mysql[39m

 [32m✓[39m test/question-structure-repository.integration.test.ts [2m([22m[2m3 tests[22m[2m)[22m[33m 399[2mms[22m[39m
 [32m✓[39m test/question-bank-repository.integration.test.ts [2m([22m[2m4 tests[22m[2m)[22m[33m 444[2mms[22m[39m
 [31m❯[39m test/examinee-repository.integration.test.ts [2m([22m[2m6 tests[22m[2m)[22m[33m 467[2mms[22m[39m
     [32m✓[39m enforces tenant-scoped identifier and password uniqueness[32m 42[2mms[22m[39m
     [32m✓[39m stores credentials encrypted while returning readable values[32m 14[2mms[22m[39m
     [32m✓[39m enforces exactly two group levels and hides foreign parent existence[32m 17[2mms[22m[39m
     [32m✓[39m makes foreign and nonexistent group references indistinguishable[32m 8[2mms[22m[39m
     [32m✓[39m group deletion cascades child removal and unassigns affected examinees only in the tenant[32m 30[2mms[22m[39m
     [32m✓[39m never reads, updates, or deletes a foreign tenant examinee by id[32m 13[2mms[22m[39m
 [32m✓[39m test/question-import-repository.integration.test.ts [2m([22m[2m3 tests[22m[2m)[22m[32m 108[2mms[22m[39m
 [32m✓[39m test/test-booklet-repository.integration.test.ts [2m([22m[2m3 tests[22m[2m)[22m[32m 125[2mms[22m[39m
 [32m✓[39m test/item-repository.integration.test.ts [2m([22m[2m3 tests[22m[2m)[22m[32m 97[2mms[22m[39m
 [32m✓[39m test/file-metadata-store.integration.test.ts [2m([22m[2m1 test[22m[2m)[22m[32m 68[2mms[22m[39m
 [32m✓[39m test/idempotency-store.integration.test.ts [2m([22m[2m2 tests[22m[2m)[22m[32m 72[2mms[22m[39m
 [32m✓[39m test/audit-log.integration.test.ts [2m([22m[2m1 test[22m[2m)[22m[32m 52[2mms[22m[39m
 [32m✓[39m test/user-repository.integration.test.ts [2m([22m[2m1 test[22m[2m)[22m[32m 38[2mms[22m[39m

[31m⎯⎯⎯⎯⎯⎯[39m[1m[41m Failed Suites 1 [49m[22m[31m⎯⎯⎯⎯⎯⎯⎯[39m

[41m[1m FAIL [22m[49m test/examinee-repository.integration.test.ts[2m > [22mMySqlExamineeRepository
[31m[1mError[22m: Cannot delete or update a parent row: a foreign key constraint fails (`foundation_test`.`examinee_groups`, CONSTRAINT `fk_examinee_group_parent_tenant` FOREIGN KEY (`tenant_id`, `parent_id`) REFERENCES `examinee_groups` (`tenant_id`, `id`) ON DELETE RESTRICT)[39m
[36m [2m❯[22m test/examinee-repository.integration.test.ts:[2m68:16[22m[39m
    [90m 66|[39m       otherScope[33m.[39mtenantId[33m,[39m
    [90m 67|[39m     ])[33m;[39m
    [90m 68|[39m     [35mawait[39m pool[33m.[39m[34mexecute[39m(
    [90m   |[39m                [31m^[39m
    [90m 69|[39m       [32m"DELETE FROM examinee_groups WHERE tenant_id IN (?, ?)"[39m[33m,[39m
    [90m 70|[39m       [scope[33m.[39mtenantId[33m,[39m otherScope[33m.[39mtenantId][33m,[39m

[31m[2m⎯⎯⎯⎯⎯⎯⎯⎯⎯⎯⎯⎯⎯⎯⎯⎯⎯⎯⎯⎯⎯⎯⎯⎯[1/1]⎯[22m[39m


[2m Test Files [22m [1m[31m1 failed[39m[22m[2m | [22m[1m[32m9 passed[39m[22m[90m (10)[39m
[2m      Tests [22m [1m[32m27 passed[39m[22m[90m (27)[39m
[2m   Start at [22m 11:02:08
[2m   Duration [22m 2.00s[2m (transform 624ms, setup 0ms, import 1.91s, tests 1.87s, environment 1ms)[22m


::error file=/home/runner/work/exam-server/exam-server/packages/adapters/mysql/test/examinee-repository.integration.test.ts,title=test/examinee-repository.integration.test.ts > MySqlExamineeRepository,line=68,column=16::Error: Cannot delete or update a parent row: a foreign key constraint fails (`foundation_test`.`examinee_groups`, CONSTRAINT `fk_examinee_group_parent_tenant` FOREIGN KEY (`tenant_id`, `parent_id`) REFERENCES `examinee_groups` (`tenant_id`, `id`) ON DELETE RESTRICT)%0A ❯ test/examinee-repository.integration.test.ts:68:16%0A%0A⎯⎯⎯⎯⎯⎯⎯⎯⎯⎯⎯⎯⎯⎯⎯⎯⎯⎯⎯⎯⎯⎯⎯⎯⎯⎯⎯⎯⎯⎯%0ASerialized Error: { code: 'ER_ROW_IS_REFERENCED_2', errno: 1451, sqlState: '23000', sqlMessage: 'Cannot delete or update a parent row: a foreign key constraint fails (`foundation_test`.`examinee_groups`, CONSTRAINT `fk_examinee_group_parent_tenant` FOREIGN KEY (`tenant_id`, `parent_id`) REFERENCES `examinee_groups` (`tenant_id`, `id`) ON DELETE RESTRICT)', sql: 'DELETE FROM examinee_groups WHERE tenant_id IN (?, ?)' }%0A
/home/runner/work/exam-server/exam-server/packages/adapters/mysql:
[ERR_PNPM_RECURSIVE_RUN_FIRST_FAIL] @server-foundation/mysql-adapter@0.1.0 test:integration: `vitest run test/*.integration.test.ts`
Exit status 1
[ELIFECYCLE] Command failed with exit code 1.
[ELIFECYCLE] Command failed with exit code 1.

EXIT_CODE=1
